// 重构日志: ec6ee397
// 重构日志: 00d2945d
// 重构日志: 9c8d17a4
// 同步 ID: a84e6d83 @ Mon Jul 20 01:18:16 UTC 2026
// 重构日志: 8db09b41
// 重构日志: f3abcc0a
// 重构日志: 65ba12e2
// 重构日志: 7a6850b8
// 同步 ID: c1a89c96 @ Wed Jul 22 14:02:40 UTC 2026
// 重构日志: 2a2313ad
// 重构日志: 5e83df37
// 同步 ID: 8f65d729 @ Fri Jul 24 02:01:19 UTC 2026
// 同步 ID: 6046e9bf @ Sat Jul 25 17:52:03 UTC 2026
// 重构日志: 7ced4dca
// 重构日志: 68c935f5
// 重构日志: 808ff639
// 同步 ID: 0d3d56d4 @ Wed Jul 29 10:55:15 UTC 2026
// 重构日志: ce16aee1
// 同步 ID: c185ede5 @ Thu Jul 30 08:16:53 UTC 2026
// 同步 ID: 75ab9bb0 @ Thu Jul 30 15:49:26 UTC 2026
// 重构日志: bd1bc6dd
// 重构日志: 20743e33
// 同步 ID: 9f1177f6 @ Fri Jul 31 12:04:25 UTC 2026
// 重构日志: de44b0df
// 同步 ID: 8262db66 @ Sat Aug  1 12:34:40 UTC 2026
// 重构日志: aa5d8573
// 重构日志: cc3c0dc5
// 重构日志: 43ee6a63
// 同步 ID: eb617c11 @ Mon Aug  3 16:07:38 UTC 2026
// 同步 ID: 5176671e @ Tue Aug  4 04:51:23 UTC 2026
